=== marketing_scope ===
HIJAU marketing_scope
=== marketing_cycle ===
HIJAU marketing_cycle
=== marketing_rbac_scope ===
HIJAU marketing_rbac_scope
=== katalog_stok ===
HIJAU katalog_stok
=== margin_katalog ===
HIJAU margin_katalog
=== pencairan_finance ===
HIJAU pencairan_finance
=== cogs_fifo_jurnal ===
HIJAU cogs_fifo_jurnal
=== impor_pintar_hpp ===
HIJAU impor_pintar_hpp
=== kpi_konten ===
HIJAU kpi_konten
=== dashboard_marketing ===
HIJAU dashboard_marketing
=== sinkron_mkt_gudang ===
HIJAU sinkron_mkt_gudang
=== retur_mkt_gudang ===
HIJAU retur_mkt_gudang
SELESAI
marketing_scope rc=0
marketing_cycle rc=0
marketing_rbac_scope rc=0
katalog_stok rc=0
margin_katalog rc=0
pencairan_finance rc=0
cogs_fifo_jurnal rc=0
impor_pintar_hpp rc=0
kpi_konten rc=0
dashboard_marketing rc=0
sinkron_mkt_gudang rc=0
retur_mkt_gudang rc=0
